// Jest Snapshot v1, https://goo.gl/fbAQLP

exports[`matches snapshots 1`] = `
<button
  className="border-2 border-gray-300 p-2"
  data-testid="button"
/>
`;

exports[`matches snapshots 1 1`] = `
<button
  className="border-2 border-gray-300 p-2"
  data-testid="button"
/>
`;
